JUMP __main
_main:
    LOADL 5
    LOADL 6
    LOAD (1) -1[ST]
    STORE (1) 3[LB]
    POP (0) 1

    LOADL 0
    RETURN (1) 0
    RETURN (0) 0
__main:
    CALL (SB) _main
    HALT
