JUMP __main
_main:
    LOADL 3
    LOADL 0
    LOAD (1) 3[LB]
    LOAD (1) 4[LB]
    SUBR BAnd
    SUBR BNeg
    JUMPIF (0) _X0:
    LOADL 5
    JUMP _X1:
    _X0:
    LOADL 2
    _X1:

    LOADL 0
    RETURN (1) 0
    RETURN (0) 0
__main:
    CALL (SB) _main
    HALT
