JUMP __main
_main:
    LOADL 4
    LOADL 5
    SUBR ISub

    LOADL 0
    RETURN (1) 0
    RETURN (0) 0
__main:
    CALL(SB) _main
    HALT
