JUMP __main
_main:
    LOADL 5
    LOADL 4
    LOAD (1) 3[LB]
    LOAD (1) 4[LB]
    SUBR IMul

    LOADL 0
    RETURN (1) 0
    RETURN (0) 0
__main:
    CALL (SB) _main
    HALT
