JUMP __main
_main:
    LOADL 5
    LOAD (1) 3[LB]
    LOADL 4
    SUBR IMul

    LOADL 0
    RETURN (1) 0
    RETURN (0) 0
__main:
    CALL (SB) _main
    HALT
